T6638712d.java:17:9: compiler.err.cant.apply.symbol: <U>m(U,java.util.List<java.util.List<U>>), T6638712d, , int,java.util.List<java.util.List<java.lang.String>>, null
1 error
